{
  "all_headline_verdicts_stable": true,
  "comparison_table": "analysis/rerun-controls-2026-08-30/sensitivity/outputs/headline_result_sensitivity.tsv",
  "conclusion": "No headline scientific verdict changed under the bounded Trip-5 control filter.",
  "headline_metrics_compared": 25,
  "input_sha256": {
    "claims_after": "87035cfb0e1adeb4e87a65d59a61fd030fb2d871ed0a76f6095b0ac00b195d5e",
    "claims_before": "48a63ec4242edf9a1c619763c361b9ae3b2d9382fb40f5012a735c1d663c3bd4",
    "composition_after": "241c39b9f5bbeafecad257ea10a9fa92d8251b5fccc79d9abe01950e81772fe0",
    "composition_before": "46295f4bcd407bab893549ed3ac5653ae45acbc0ac2c31dac8197c0a0fa458d0",
    "depth_after": "e3691b5a22373e28b3a502143b4343f81c3af3e3d1a9c58b278de760f5e7e9c5",
    "depth_before": "a2f1a32a54bc848dd8f7fb97bd8e563e22e8f60f0b750fee7e8bc869530d9de1",
    "distance_after": "c590d1bd23adbd4f17d3b4019ec679afe14395b613a166535ca266122630acad",
    "distance_before": "5cb2b23351c549fc3ca1875d21d69c8596744323ae544cb3b0939e6a1c55dd0c",
    "evenness_after": "e9d98649782b47b4cf596bd5fd74f7059dc8eb01bc855093995e28e1bacbbabd",
    "evenness_before": "ee9ce73ead4d4c0f08306c981b42d5e6375184aa40b93d8b288f68fa57687efc",
    "paired_after": "0bf88be5f4a8b1074eb086da22299f2af6d50c9d3baa5f294a4fb37c4120bd79",
    "paired_before": "5841c45fe8c6c5d79f018814100dfa0455b817bb6a41201df2d693cec86b0d65",
    "prediction_after": "8fcfc4feecc18887acba84743ced2c975556fe9a449c988763e52bd0a4caa47f",
    "prediction_before": "e8e809cff8c75217cac3641edbc1c8ec5d3afe478576ee96dd3d1887afde212e",
    "rain_after": "a50385c65e28f745f30836548cee5d6bed5153367f927f7ee05dff0b9de68388",
    "rain_before": "df95a558bf85b02e8220ba9ae6f1940a69f7e771789647b28e3105f1c62ca6fe",
    "resolution_after": "0bc1318596b1337fdafa5f0d043a5a92eb1bfe76ea37fc7feff4606c0221e89d",
    "resolution_before": "d2b4d3956ec7889e6638dbbb9f2022fcb5c067a6a4add9c6fd0c28349abeb0cd",
    "spatial_after": "8d4534dfa6dd199161ff65385f853cb80eb604958dff7c8419eced1411385b11",
    "spatial_before": "9185ae99b2943ce72f72c87649d4ce076f597b18b44ca7d99f79652fd1161dec",
    "xrf_after": "c2db9a63fa9132ed774b19e611b9d8c3f804244932207a10b2642e64daed8eb9",
    "xrf_before": "d5193c298cbc598d22e79b86f99a69d440b823d7adffae0d22941760863f6c85"
  },
  "scope": "The primary 351-ASV candidate set is removed only from 217 Trip-5 profiles with frozen extraction-batch mappings. The remaining 1,020 ecological profiles are unchanged.",
  "verdict_changes": []
}
